<?xml version="1.0" encoding="utf-8"?>
<TestRun id="0ac005f5-0943-43d9-9068-d0923360efee" name="@MSI 2022-10-28 16:24:48" xmlns="http://microsoft.com/schemas/VisualStudio/TeamTest/2010">
  <Times creation="2022-10-28T16:24:48.4775815+08:00" queuing="2022-10-28T16:24:48.4775816+08:00" start="2022-10-28T16:24:47.4711737+08:00" finish="2022-10-28T16:24:48.4893679+08:00" />
  <TestSettings name="default" id="3b746687-f47b-4795-bc9f-b922406e2a24">
    <Deployment runDeploymentRoot="_MSI_2022-10-28_16_24_48" />
  </TestSettings>
  <Results>
    <UnitTestResult executionId="5d1421c0-04cb-4213-9feb-d3bdc9e9cd97" testId="5339c42a-e7aa-6ac4-fcc3-490a4fd5c8be" testName="Test_Add" computerName="MSI" duration="00:00:00.0441050" startTime="2022-10-28T16:24:48.3470740+08:00" endTime="2022-10-28T16:24:48.3911395+08:00" testType="13cdc9d9-ddb5-4fa4-a97d-d965ccfc6d4b" outcome="Failed" testListId="8c84fa94-04c1-424b-9868-57a2d4851a1d" relativeResultsDirectory="5d1421c0-04cb-4213-9feb-d3bdc9e9cd97">
      <Output>
        <ErrorInfo>
          <Message>  Expected: 105
  But was:  106
</Message>
          <StackTrace>   at NUnit.Tests.NUnitTest_Math.Test_Add() in /mnt/d/webroot/DotNetCoreWebApi/NUnit.Tests/NUnitTest_Math.cs:line 33
</StackTrace>
        </ErrorInfo>
      </Output>
    </UnitTestResult>
    <UnitTestResult executionId="489f78e7-6dbc-47a2-a8a9-54fbbf9a8e8c" testId="4f1497bb-4882-a205-189d-f31c6f1297c2" testName="Test_Minus" computerName="MSI" duration="00:00:00.0000950" startTime="2022-10-28T16:24:48.3922706+08:00" endTime="2022-10-28T16:24:48.3923658+08:00" testType="13cdc9d9-ddb5-4fa4-a97d-d965ccfc6d4b" outcome="Passed" testListId="8c84fa94-04c1-424b-9868-57a2d4851a1d" relativeResultsDirectory="489f78e7-6dbc-47a2-a8a9-54fbbf9a8e8c" />
    <UnitTestResult executionId="21ef11e0-4cf9-423a-a7de-1f0599405567" testId="294fdac9-0ced-4996-4ebc-ab14bcdf116f" testName="Test_Multiple" computerName="MSI" duration="00:00:00.0000649" startTime="2022-10-28T16:24:48.3923716+08:00" endTime="2022-10-28T16:24:48.3924369+08:00" testType="13cdc9d9-ddb5-4fa4-a97d-d965ccfc6d4b" outcome="Passed" testListId="8c84fa94-04c1-424b-9868-57a2d4851a1d" relativeResultsDirectory="21ef11e0-4cf9-423a-a7de-1f0599405567" />
    <UnitTestResult executionId="0ce9e4c9-c5da-4abb-88be-fd232bc09358" testId="bccbf2c4-c14b-977d-b6a4-d566981e9235" testName="Test_Divide" computerName="MSI" duration="00:00:00.0002670" startTime="2022-10-28T16:24:48.3919553+08:00" endTime="2022-10-28T16:24:48.3922211+08:00" testType="13cdc9d9-ddb5-4fa4-a97d-d965ccfc6d4b" outcome="Passed" testListId="8c84fa94-04c1-424b-9868-57a2d4851a1d" relativeResultsDirectory="0ce9e4c9-c5da-4abb-88be-fd232bc09358" />
  </Results>
  <TestDefinitions>
    <UnitTest name="Test_Minus" storage="/mnt/d/webroot/dotnetcorewebapi/nunit.tests/bin/debug/netcoreapp3.1/nunit.tests.dll" id="4f1497bb-4882-a205-189d-f31c6f1297c2">
      <Execution id="489f78e7-6dbc-47a2-a8a9-54fbbf9a8e8c" />
      <TestMethod codeBase="/mnt/d/webroot/DotNetCoreWebApi/NUnit.Tests/bin/Debug/netcoreapp3.1/NUnit.Tests.dll" adapterTypeName="executor://nunit3testexecutor/" className="NUnit.Tests.NUnitTest_Math" name="Test_Minus" />
    </UnitTest>
    <UnitTest name="Test_Divide" storage="/mnt/d/webroot/dotnetcorewebapi/nunit.tests/bin/debug/netcoreapp3.1/nunit.tests.dll" id="bccbf2c4-c14b-977d-b6a4-d566981e9235">
      <Execution id="0ce9e4c9-c5da-4abb-88be-fd232bc09358" />
      <TestMethod codeBase="/mnt/d/webroot/DotNetCoreWebApi/NUnit.Tests/bin/Debug/netcoreapp3.1/NUnit.Tests.dll" adapterTypeName="executor://nunit3testexecutor/" className="NUnit.Tests.NUnitTest_Math" name="Test_Divide" />
    </UnitTest>
    <UnitTest name="Test_Add" storage="/mnt/d/webroot/dotnetcorewebapi/nunit.tests/bin/debug/netcoreapp3.1/nunit.tests.dll" id="5339c42a-e7aa-6ac4-fcc3-490a4fd5c8be">
      <Execution id="5d1421c0-04cb-4213-9feb-d3bdc9e9cd97" />
      <TestMethod codeBase="/mnt/d/webroot/DotNetCoreWebApi/NUnit.Tests/bin/Debug/netcoreapp3.1/NUnit.Tests.dll" adapterTypeName="executor://nunit3testexecutor/" className="NUnit.Tests.NUnitTest_Math" name="Test_Add" />
    </UnitTest>
    <UnitTest name="Test_Multiple" storage="/mnt/d/webroot/dotnetcorewebapi/nunit.tests/bin/debug/netcoreapp3.1/nunit.tests.dll" id="294fdac9-0ced-4996-4ebc-ab14bcdf116f">
      <Execution id="21ef11e0-4cf9-423a-a7de-1f0599405567" />
      <TestMethod codeBase="/mnt/d/webroot/DotNetCoreWebApi/NUnit.Tests/bin/Debug/netcoreapp3.1/NUnit.Tests.dll" adapterTypeName="executor://nunit3testexecutor/" className="NUnit.Tests.NUnitTest_Math" name="Test_Multiple" />
    </UnitTest>
  </TestDefinitions>
  <TestEntries>
    <TestEntry testId="5339c42a-e7aa-6ac4-fcc3-490a4fd5c8be" executionId="5d1421c0-04cb-4213-9feb-d3bdc9e9cd97" testListId="8c84fa94-04c1-424b-9868-57a2d4851a1d" />
    <TestEntry testId="4f1497bb-4882-a205-189d-f31c6f1297c2" executionId="489f78e7-6dbc-47a2-a8a9-54fbbf9a8e8c" testListId="8c84fa94-04c1-424b-9868-57a2d4851a1d" />
    <TestEntry testId="294fdac9-0ced-4996-4ebc-ab14bcdf116f" executionId="21ef11e0-4cf9-423a-a7de-1f0599405567" testListId="8c84fa94-04c1-424b-9868-57a2d4851a1d" />
    <TestEntry testId="bccbf2c4-c14b-977d-b6a4-d566981e9235" executionId="0ce9e4c9-c5da-4abb-88be-fd232bc09358" testListId="8c84fa94-04c1-424b-9868-57a2d4851a1d" />
  </TestEntries>
  <TestLists>
    <TestList name="Results Not in a List" id="8c84fa94-04c1-424b-9868-57a2d4851a1d" />
    <TestList name="All Loaded Results" id="19431567-8539-422a-85d7-44ee4e166bda" />
  </TestLists>
  <ResultSummary outcome="Failed">
    <Counters total="4" executed="4" passed="3" failed="1" error="0" timeout="0" aborted="0" inconclusive="0" passedButRunAborted="0" notRunnable="0" notExecuted="0" disconnected="0" warning="0" completed="0" inProgress="0" pending="0" />
    <Output>
      <StdOut>NUnit Adapter 3.17.0.0: Test execution started
Running all tests in /mnt/d/webroot/DotNetCoreWebApi/NUnit.Tests/bin/Debug/netcoreapp3.1/NUnit.Tests.dll
   NUnit3TestExecutor discovered 4 of 4 NUnit test cases
NUnit Adapter 3.17.0.0: Test execution complete
</StdOut>
    </Output>
  </ResultSummary>
</TestRun>