<?xml version="1.0" encoding="utf-8"?>
<TestRun id="18414d11-6d7d-4302-8038-31e525ea530e" name="@MSI 2022-11-03 11:08:35" xmlns="http://microsoft.com/schemas/VisualStudio/TeamTest/2010">
  <Times creation="2022-11-03T11:08:35.4255065+08:00" queuing="2022-11-03T11:08:35.4255066+08:00" start="2022-11-03T11:08:33.8366669+08:00" finish="2022-11-03T11:08:35.4331209+08:00" />
  <TestSettings name="default" id="2738372e-f51e-4517-a1c5-1bfcf1730633">
    <Deployment runDeploymentRoot="_MSI_2022-11-03_11_08_35" />
  </TestSettings>
  <Results>
    <UnitTestResult executionId="e5b25bde-9767-454b-996c-816dbb0c5a13" testId="936a6d80-1972-1b00-d0ae-0c9740c6cacb" testName="xUnit.Tests.xUnitTest_Math.All_Assert_Method" computerName="MSI" duration="00:00:00.0003115" startTime="2022-11-03T11:08:35.3105029+08:00" endTime="2022-11-03T11:08:35.3105032+08:00" testType="13cdc9d9-ddb5-4fa4-a97d-d965ccfc6d4b" outcome="Passed" testListId="8c84fa94-04c1-424b-9868-57a2d4851a1d" relativeResultsDirectory="e5b25bde-9767-454b-996c-816dbb0c5a13" />
    <UnitTestResult executionId="dd630a37-9aaf-415f-9947-db89634b2391" testId="76ebcdc6-41a5-eac7-5a97-3f40aa0f1690" testName="xUnit.Tests.xUnitTest_Math.Test_Add" computerName="MSI" duration="00:00:00.0012441" startTime="2022-11-03T11:08:35.3515049+08:00" endTime="2022-11-03T11:08:35.3515060+08:00" testType="13cdc9d9-ddb5-4fa4-a97d-d965ccfc6d4b" outcome="Failed" testListId="8c84fa94-04c1-424b-9868-57a2d4851a1d" relativeResultsDirectory="dd630a37-9aaf-415f-9947-db89634b2391">
      <Output>
        <ErrorInfo>
          <Message>Assert.Equal() Failure
Expected: 105
Actual:   106</Message>
          <StackTrace>   at xUnit.Tests.xUnitTest_Math.Test_Add() in /mnt/d/webroot/dotnetcorewebapi/xUnit.Tests/xUnitTest_Math.cs:line 38</StackTrace>
        </ErrorInfo>
      </Output>
    </UnitTestResult>
    <UnitTestResult executionId="55c861f5-25c9-4455-8fb7-241f34fe9459" testId="5185eeec-8d1b-cb15-78a4-e23e060e8825" testName="xUnit.Tests.xUnitTest_Math.Test_Divide" computerName="MSI" duration="00:00:00.0023963" startTime="2022-11-03T11:08:35.3079953+08:00" endTime="2022-11-03T11:08:35.3080371+08:00" testType="13cdc9d9-ddb5-4fa4-a97d-d965ccfc6d4b" outcome="Passed" testListId="8c84fa94-04c1-424b-9868-57a2d4851a1d" relativeResultsDirectory="55c861f5-25c9-4455-8fb7-241f34fe9459" />
    <UnitTestResult executionId="5fef421b-1398-420b-99a9-274dc267c498" testId="f7a3c5c7-39fd-dc2e-f07d-843a5080da15" testName="xUnit.Tests.xUnitTest_Math.Test_Multiple" computerName="MSI" duration="00:00:00.0001149" startTime="2022-11-03T11:08:35.3516830+08:00" endTime="2022-11-03T11:08:35.3516830+08:00" testType="13cdc9d9-ddb5-4fa4-a97d-d965ccfc6d4b" outcome="Passed" testListId="8c84fa94-04c1-424b-9868-57a2d4851a1d" relativeResultsDirectory="5fef421b-1398-420b-99a9-274dc267c498" />
    <UnitTestResult executionId="bfd5a1a9-39d2-42b3-a56f-f4f89800722e" testId="642aaa61-9aee-8406-fd9d-28ba17b9b387" testName="xUnit.Tests.xUnitTest_Math.Test_Minus" computerName="MSI" duration="00:00:00.0001081" startTime="2022-11-03T11:08:35.3516535+08:00" endTime="2022-11-03T11:08:35.3516536+08:00" testType="13cdc9d9-ddb5-4fa4-a97d-d965ccfc6d4b" outcome="Passed" testListId="8c84fa94-04c1-424b-9868-57a2d4851a1d" relativeResultsDirectory="bfd5a1a9-39d2-42b3-a56f-f4f89800722e" />
  </Results>
  <TestDefinitions>
    <UnitTest name="xUnit.Tests.xUnitTest_Math.Test_Minus" storage="/mnt/d/webroot/dotnetcorewebapi/xunit.tests/bin/debug/netcoreapp3.1/xunit.tests.dll" id="642aaa61-9aee-8406-fd9d-28ba17b9b387">
      <Execution id="bfd5a1a9-39d2-42b3-a56f-f4f89800722e" />
      <TestMethod codeBase="/mnt/d/webroot/dotnetcorewebapi/xUnit.Tests/bin/Debug/netcoreapp3.1/xUnit.Tests.dll" adapterTypeName="executor://xunit/VsTestRunner2/netcoreapp" className="xUnit.Tests.xUnitTest_Math" name="Test_Minus" />
    </UnitTest>
    <UnitTest name="xUnit.Tests.xUnitTest_Math.Test_Add" storage="/mnt/d/webroot/dotnetcorewebapi/xunit.tests/bin/debug/netcoreapp3.1/xunit.tests.dll" id="76ebcdc6-41a5-eac7-5a97-3f40aa0f1690">
      <Execution id="dd630a37-9aaf-415f-9947-db89634b2391" />
      <TestMethod codeBase="/mnt/d/webroot/dotnetcorewebapi/xUnit.Tests/bin/Debug/netcoreapp3.1/xUnit.Tests.dll" adapterTypeName="executor://xunit/VsTestRunner2/netcoreapp" className="xUnit.Tests.xUnitTest_Math" name="Test_Add" />
    </UnitTest>
    <UnitTest name="xUnit.Tests.xUnitTest_Math.All_Assert_Method" storage="/mnt/d/webroot/dotnetcorewebapi/xunit.tests/bin/debug/netcoreapp3.1/xunit.tests.dll" id="936a6d80-1972-1b00-d0ae-0c9740c6cacb">
      <Execution id="e5b25bde-9767-454b-996c-816dbb0c5a13" />
      <TestMethod codeBase="/mnt/d/webroot/dotnetcorewebapi/xUnit.Tests/bin/Debug/netcoreapp3.1/xUnit.Tests.dll" adapterTypeName="executor://xunit/VsTestRunner2/netcoreapp" className="xUnit.Tests.xUnitTest_Math" name="All_Assert_Method" />
    </UnitTest>
    <UnitTest name="xUnit.Tests.xUnitTest_Math.Test_Multiple" storage="/mnt/d/webroot/dotnetcorewebapi/xunit.tests/bin/debug/netcoreapp3.1/xunit.tests.dll" id="f7a3c5c7-39fd-dc2e-f07d-843a5080da15">
      <Execution id="5fef421b-1398-420b-99a9-274dc267c498" />
      <TestMethod codeBase="/mnt/d/webroot/dotnetcorewebapi/xUnit.Tests/bin/Debug/netcoreapp3.1/xUnit.Tests.dll" adapterTypeName="executor://xunit/VsTestRunner2/netcoreapp" className="xUnit.Tests.xUnitTest_Math" name="Test_Multiple" />
    </UnitTest>
    <UnitTest name="xUnit.Tests.xUnitTest_Math.Test_Divide" storage="/mnt/d/webroot/dotnetcorewebapi/xunit.tests/bin/debug/netcoreapp3.1/xunit.tests.dll" id="5185eeec-8d1b-cb15-78a4-e23e060e8825">
      <Execution id="55c861f5-25c9-4455-8fb7-241f34fe9459" />
      <TestMethod codeBase="/mnt/d/webroot/dotnetcorewebapi/xUnit.Tests/bin/Debug/netcoreapp3.1/xUnit.Tests.dll" adapterTypeName="executor://xunit/VsTestRunner2/netcoreapp" className="xUnit.Tests.xUnitTest_Math" name="Test_Divide" />
    </UnitTest>
  </TestDefinitions>
  <TestEntries>
    <TestEntry testId="936a6d80-1972-1b00-d0ae-0c9740c6cacb" executionId="e5b25bde-9767-454b-996c-816dbb0c5a13" testListId="8c84fa94-04c1-424b-9868-57a2d4851a1d" />
    <TestEntry testId="76ebcdc6-41a5-eac7-5a97-3f40aa0f1690" executionId="dd630a37-9aaf-415f-9947-db89634b2391" testListId="8c84fa94-04c1-424b-9868-57a2d4851a1d" />
    <TestEntry testId="5185eeec-8d1b-cb15-78a4-e23e060e8825" executionId="55c861f5-25c9-4455-8fb7-241f34fe9459" testListId="8c84fa94-04c1-424b-9868-57a2d4851a1d" />
    <TestEntry testId="f7a3c5c7-39fd-dc2e-f07d-843a5080da15" executionId="5fef421b-1398-420b-99a9-274dc267c498" testListId="8c84fa94-04c1-424b-9868-57a2d4851a1d" />
    <TestEntry testId="642aaa61-9aee-8406-fd9d-28ba17b9b387" executionId="bfd5a1a9-39d2-42b3-a56f-f4f89800722e" testListId="8c84fa94-04c1-424b-9868-57a2d4851a1d" />
  </TestEntries>
  <TestLists>
    <TestList name="Results Not in a List" id="8c84fa94-04c1-424b-9868-57a2d4851a1d" />
    <TestList name="All Loaded Results" id="19431567-8539-422a-85d7-44ee4e166bda" />
  </TestLists>
  <ResultSummary outcome="Failed">
    <Counters total="5" executed="5" passed="4" failed="1" error="0" timeout="0" aborted="0" inconclusive="0" passedButRunAborted="0" notRunnable="0" notExecuted="0" disconnected="0" warning="0" completed="0" inProgress="0" pending="0" />
    <Output>
      <StdOut>[xUnit.net 00:00:00.00] xUnit.net VSTest Adapter v2.4.3+1b45f5407b (64-bit .NET Core 3.1.30)
[xUnit.net 00:00:00.47]   Discovering: xUnit.Tests
[xUnit.net 00:00:00.49]   Discovered:  xUnit.Tests
[xUnit.net 00:00:00.49]   Starting:    xUnit.Tests
[xUnit.net 00:00:00.57]       Assert.Equal() Failure
[xUnit.net 00:00:00.57]       Expected: 105
[xUnit.net 00:00:00.57]       Actual:   106
[xUnit.net 00:00:00.57]       Stack Trace:
[xUnit.net 00:00:00.57]         /mnt/d/webroot/dotnetcorewebapi/xUnit.Tests/xUnitTest_Math.cs(38,0): at xUnit.Tests.xUnitTest_Math.Test_Add()
[xUnit.net 00:00:00.58]   Finished:    xUnit.Tests
</StdOut>
    </Output>
    <RunInfos>
      <RunInfo computerName="MSI" outcome="Error" timestamp="2022-11-03T11:08:35.3507896+08:00">
        <Text>[xUnit.net 00:00:00.57]     xUnit.Tests.xUnitTest_Math.Test_Add [FAIL]</Text>
      </RunInfo>
    </RunInfos>
  </ResultSummary>
</TestRun>